// Jest Snapshot v1, https://goo.gl/fbAQLP

exports[`App snapshot renders 1`] = `
<div
  className="sc-AykKC dvCfMh"
>
  <h3
    className="sc-AykKD geicwn"
  >
    Go Tour This Home
  </h3>
  <div
    className="sc-AykKF dXmwjQ"
  >
    <p>
      Hello
    </p>
  </div>
  <div
    className="sc-fzXfLP itsnao"
    onClick={[Function]}
  >
    Schedule Tour
  </div>
  <div
    className="sc-AykKE dVMeRz"
  >
    It's free, with no obligation - cancel anytime
  </div>
</div>
`;
